词表: 6374
加载数据...
样本数: 18948
总 token: 845532
训练 18001 / 验证 947
参数量: 15.04M (非嵌入 12.59M)

开始训练: 6000 步, 有效 batch = 24

  step     loss      val        lr    p/pl       耗时
     1   8.8971        -  1.67e-05 7310.84     0.0m
    25   6.4772        -  4.17e-04  650.12     0.5m
    50   4.0007        -  8.33e-04   54.63     1.1m
    75   2.9504        -  1.25e-03   19.11     1.6m
   100   2.2086        -  1.67e-03    9.10     2.2m
   125   1.7754        -  2.08e-03    5.90     2.7m
   150   1.4428        -  2.50e-03    4.23     3.3m
   175   1.2326        -  2.50e-03    3.43     3.8m
   200   1.0473        -  2.50e-03    2.85     4.4m
   225   0.9320        -  2.50e-03    2.54     5.0m
   250   0.8532        -  2.50e-03    2.35     5.5m
   275   0.7622        -  2.50e-03    2.14     6.1m
   300   0.7131        -  2.50e-03    2.04     6.6m
   325   0.6779        -  2.50e-03    1.97     7.2m
   350   0.6277        -  2.49e-03    1.87     7.8m
   375   0.6226        -  2.49e-03    1.86     8.3m
   400   0.5927        -  2.49e-03    1.81     8.9m
   425   0.5305        -  2.49e-03    1.70     9.5m
   450   0.5407        -  2.49e-03    1.72    10.0m
   475   0.5139        -  2.48e-03    1.67    10.6m
   500   0.4689        -  2.48e-03    1.60    11.2m
   500   0.4683   0.4324  2.48e-03    1.54    11.3m  <-- eval
        新的最佳验证 loss 0.4324, 已保存
   525   0.4479        -  2.48e-03    1.56    11.8m
   550   0.4572        -  2.47e-03    1.58    12.4m
   575   0.4170        -  2.47e-03    1.52    12.9m
   600   0.4207        -  2.47e-03    1.52    13.5m
   625   0.4283        -  2.46e-03    1.53    14.1m
   650   0.4152        -  2.46e-03    1.51    14.6m
   675   0.3801        -  2.46e-03    1.46    15.2m
   700   0.3785        -  2.45e-03    1.46    15.8m
   725   0.3859        -  2.45e-03    1.47    16.3m
   750   0.3573        -  2.44e-03    1.43    16.9m
   775   0.3434        -  2.44e-03    1.41    17.5m
   800   0.3111        -  2.43e-03    1.36    18.0m
   825   0.3340        -  2.43e-03    1.40    18.6m
   850   0.3260        -  2.42e-03    1.39    19.2m
   875   0.3126        -  2.42e-03    1.37    19.7m
   900   0.3371        -  2.41e-03    1.40    20.3m
   925   0.3341        -  2.41e-03    1.40    20.9m
   950   0.3448        -  2.40e-03    1.41    21.4m
   975   0.3194        -  2.39e-03    1.38    21.9m
  1000   0.3267        -  2.39e-03    1.39    22.5m
  1000   0.2769   0.2831  2.39e-03    1.33    22.5m  <-- eval
        新的最佳验证 loss 0.2831, 已保存
  1025   0.3088        -  2.38e-03    1.36    23.1m
  1050   0.3075        -  2.37e-03    1.36    23.6m
  1075   0.2936        -  2.37e-03    1.34    24.2m
  1100   0.2854        -  2.36e-03    1.33    24.8m
  1125   0.2774        -  2.35e-03    1.32    25.4m
  1150   0.2806        -  2.35e-03    1.32    25.9m
  1175   0.2638        -  2.34e-03    1.30    26.4m
  1200   0.2798        -  2.33e-03    1.32    27.0m
  1225   0.2834        -  2.32e-03    1.33    27.5m
  1250   0.2698        -  2.31e-03    1.31    28.1m
  1275   0.2540        -  2.31e-03    1.29    28.6m
  1300   0.2578        -  2.30e-03    1.29    29.2m
  1325   0.2678        -  2.29e-03    1.31    29.7m
  1350   0.2631        -  2.28e-03    1.30    30.2m
  1375   0.2417        -  2.27e-03    1.27    30.8m
  1400   0.2425        -  2.26e-03    1.27    31.4m
  1425   0.2444        -  2.25e-03    1.28    31.9m
  1450   0.2518        -  2.24e-03    1.29    32.5m
  1475   0.2375        -  2.23e-03    1.27    33.1m
  1500   0.2418        -  2.22e-03    1.27    33.6m
  1500   0.2577   0.1949  2.22e-03    1.22    33.6m  <-- eval
        新的最佳验证 loss 0.1949, 已保存
  1525   0.2263        -  2.21e-03    1.25    34.2m
  1550   0.2246        -  2.20e-03    1.25    34.8m
  1575   0.2242        -  2.19e-03    1.25    35.3m
  1600   0.2175        -  2.18e-03    1.24    35.9m
  1625   0.2242        -  2.17e-03    1.25    36.4m
  1650   0.2223        -  2.16e-03    1.25    37.0m
  1675   0.2243        -  2.15e-03    1.25    37.5m
  1700   0.2363        -  2.14e-03    1.27    38.0m
  1725   0.2342        -  2.13e-03    1.26    38.6m
  1750   0.2260        -  2.12e-03    1.25    39.1m
  1775   0.2201        -  2.11e-03    1.25    39.7m
  1800   0.2122        -  2.10e-03    1.24    40.2m
  1825   0.1953        -  2.08e-03    1.22    40.8m
  1850   0.2070        -  2.07e-03    1.23    41.3m
  1875   0.2000        -  2.06e-03    1.22    41.9m
  1900   0.1947        -  2.05e-03    1.21    42.4m
  1925   0.2064        -  2.04e-03    1.23    43.0m
  1950   0.2059        -  2.03e-03    1.23    43.6m
  1975   0.2078        -  2.01e-03    1.23    44.2m
  2000   0.2096        -  2.00e-03    1.23    44.7m
  2000   0.2344   0.1632  2.00e-03    1.18    44.8m  <-- eval
        新的最佳验证 loss 0.1632, 已保存
  2025   0.1976        -  1.99e-03    1.22    45.3m
  2050   0.2073        -  1.98e-03    1.23    45.9m
  2075   0.1922        -  1.96e-03    1.21    46.5m
  2100   0.1929        -  1.95e-03    1.21    47.0m
  2125   0.1889        -  1.94e-03    1.21    47.6m
  2150   0.1759        -  1.92e-03    1.19    48.2m
  2175   0.1810        -  1.91e-03    1.20    48.7m
  2200   0.1949        -  1.90e-03    1.22    49.3m
  2225   0.1861        -  1.89e-03    1.20    49.8m
  2250   0.1856        -  1.87e-03    1.20    50.4m
  2275   0.1856        -  1.86e-03    1.20    50.9m
  2300   0.1944        -  1.85e-03    1.21    51.5m
  2325   0.1990        -  1.83e-03    1.22    52.0m
  2350   0.1744        -  1.82e-03    1.19    52.5m
  2375   0.1785        -  1.80e-03    1.20    53.1m
  2400   0.1746        -  1.79e-03    1.19    53.6m
  2425   0.1702        -  1.78e-03    1.19    54.2m
  2450   0.1764        -  1.76e-03    1.19    54.8m
  2475   0.1774        -  1.75e-03    1.19    55.4m
  2500   0.1758        -  1.73e-03    1.19    56.0m
  2500   0.1373   0.1489  1.73e-03    1.16    56.0m  <-- eval
        新的最佳验证 loss 0.1489, 已保存
  2525   0.1698        -  1.72e-03    1.19    56.6m
  2550   0.1719        -  1.71e-03    1.19    57.1m
  2575   0.1670        -  1.69e-03    1.18    57.6m
  2600   0.1712        -  1.68e-03    1.19    58.2m
  2625   0.1683        -  1.66e-03    1.18    58.7m
  2650   0.1760        -  1.65e-03    1.19    59.3m
  2675   0.1735        -  1.64e-03    1.19    59.8m
  2700   0.1673        -  1.62e-03    1.18    60.4m
  2725   0.1769        -  1.61e-03    1.19    61.0m
  2750   0.1577        -  1.59e-03    1.17    61.6m
  2775   0.1606        -  1.58e-03    1.17    62.2m
  2800   0.1504        -  1.56e-03    1.16    62.8m
  2825   0.1677        -  1.55e-03    1.18    63.3m
  2850   0.1542        -  1.53e-03    1.17    63.9m
  2875   0.1534        -  1.52e-03    1.17    64.5m
  2900   0.1595        -  1.50e-03    1.17    65.0m
  2925   0.1600        -  1.49e-03    1.17    65.6m
  2950   0.1678        -  1.47e-03    1.18    66.2m
  2975   0.1551        -  1.46e-03    1.17    66.7m
  3000   0.1618        -  1.44e-03    1.18    67.3m
  3000   0.2048   0.1425  1.44e-03    1.15    67.3m  <-- eval
        新的最佳验证 loss 0.1425, 已保存
  3025   0.1558        -  1.43e-03    1.17    67.9m
  3050   0.1499        -  1.42e-03    1.16    68.4m
  3075   0.1513        -  1.40e-03    1.16    69.0m
  3100   0.1570        -  1.39e-03    1.17    69.5m
  3125   0.1490        -  1.37e-03    1.16    70.1m
  3150   0.1503        -  1.36e-03    1.16    70.7m
  3175   0.1486        -  1.34e-03    1.16    71.2m
  3200   0.1490        -  1.33e-03    1.16    71.8m
  3225   0.1426        -  1.31e-03    1.15    72.3m
  3250   0.1511        -  1.30e-03    1.16    72.9m
  3275   0.1425        -  1.28e-03    1.15    73.5m
  3300   0.1425        -  1.27e-03    1.15    74.0m
  3325   0.1423        -  1.25e-03    1.15    74.5m
  3350   0.1354        -  1.24e-03    1.15    75.1m
  3375   0.1461        -  1.22e-03    1.16    75.7m
  3400   0.1307        -  1.21e-03    1.14    76.3m
  3425   0.1371        -  1.20e-03    1.15    76.9m
  3450   0.1267        -  1.18e-03    1.14    77.5m
  3475   0.1345        -  1.17e-03    1.14    78.0m
  3500   0.1280        -  1.15e-03    1.14    78.5m
  3500   0.1580   0.1219  1.15e-03    1.13    78.6m  <-- eval
        新的最佳验证 loss 0.1219, 已保存
  3525   0.1444        -  1.14e-03    1.16    79.1m
  3550   0.1332        -  1.12e-03    1.14    79.7m
  3575   0.1345        -  1.11e-03    1.14    80.3m
  3600   0.1337        -  1.09e-03    1.14    80.8m
  3625   0.1395        -  1.08e-03    1.15    81.3m
  3650   0.1392        -  1.07e-03    1.15    81.9m
  3675   0.1272        -  1.05e-03    1.14    82.5m
  3700   0.1299        -  1.04e-03    1.14    83.0m
  3725   0.1348        -  1.02e-03    1.14    83.6m
  3750   0.1371        -  1.01e-03    1.15    84.1m
  3775   0.1348        -  9.97e-04    1.14    84.7m
  3800   0.1295        -  9.83e-04    1.14    85.3m
  3825   0.1304        -  9.69e-04    1.14    85.8m
  3850   0.1285        -  9.56e-04    1.14    86.4m
  3875   0.1353        -  9.42e-04    1.14    86.9m
  3900   0.1219        -  9.29e-04    1.13    87.5m
  3925   0.1268        -  9.16e-04    1.14    88.0m
  3950   0.1219        -  9.02e-04    1.13    88.6m
  3975   0.1304        -  8.89e-04    1.14    89.1m
  4000   0.1302        -  8.76e-04    1.14    89.7m
  4000   0.1446   0.1212  8.76e-04    1.13    89.7m  <-- eval
        新的最佳验证 loss 0.1212, 已保存
  4025   0.1271        -  8.63e-04    1.14    90.3m
  4050   0.1266        -  8.51e-04    1.14    90.8m
  4075   0.1287        -  8.38e-04    1.14    91.4m
  4100   0.1250        -  8.25e-04    1.13    92.0m
  4125   0.1235        -  8.13e-04    1.13    92.5m
  4150   0.1178        -  8.00e-04    1.13    93.1m
  4175   0.1262        -  7.88e-04    1.13    93.6m
  4200   0.1204        -  7.76e-04    1.13    94.2m
  4225   0.1180        -  7.64e-04    1.13    94.8m
  4250   0.1201        -  7.52e-04    1.13    95.3m
  4275   0.1258        -  7.40e-04    1.13    95.9m
  4300   0.1280        -  7.28e-04    1.14    96.4m
  4325   0.1256        -  7.16e-04    1.13    97.0m
  4350   0.1201        -  7.05e-04    1.13    97.5m
  4375   0.1200        -  6.93e-04    1.13    98.1m
  4400   0.1147        -  6.82e-04    1.12    98.6m
  4425   0.1172        -  6.71e-04    1.12    99.2m
  4450   0.1263        -  6.60e-04    1.13    99.7m
  4475   0.1182        -  6.49e-04    1.13   100.3m
  4500   0.1189        -  6.38e-04    1.13   100.9m
  4500   0.1139   0.1184  6.38e-04    1.13   100.9m  <-- eval
        新的最佳验证 loss 0.1184, 已保存
  4525   0.1187        -  6.28e-04    1.13   101.5m
  4550   0.1246        -  6.17e-04    1.13   102.0m
  4575   0.1177        -  6.07e-04    1.12   102.6m
  4600   0.1182        -  5.97e-04    1.13   103.1m
  4625   0.1133        -  5.87e-04    1.12   103.7m
  4650   0.1044        -  5.77e-04    1.11   104.2m
  4675   0.1175        -  5.67e-04    1.12   104.8m
  4700   0.1131        -  5.58e-04    1.12   105.4m
  4725   0.1119        -  5.48e-04    1.12   105.9m
  4750   0.1155        -  5.39e-04    1.12   106.5m
  4775   0.1194        -  5.30e-04    1.13   107.0m
  4800   0.1126        -  5.21e-04    1.12   107.6m
  4825   0.1140        -  5.12e-04    1.12   108.2m
  4850   0.1160        -  5.04e-04    1.12   108.7m
  4875   0.1086        -  4.95e-04    1.11   109.2m
  4900   0.1146        -  4.87e-04    1.12   109.8m
  4925   0.1160        -  4.79e-04    1.12   110.4m
  4950   0.1175        -  4.71e-04    1.12   110.9m
  4975   0.1148        -  4.63e-04    1.12   111.4m
  5000   0.1152        -  4.55e-04    1.12   112.0m
  5000   0.1233   0.1144  4.55e-04    1.12   112.0m  <-- eval
        新的最佳验证 loss 0.1144, 已保存
  5025   0.1085        -  4.48e-04    1.11   112.6m
  5050   0.1145        -  4.40e-04    1.12   113.1m
  5075   0.1118        -  4.33e-04    1.12   113.7m
  5100   0.1098        -  4.26e-04    1.12   114.2m
  5125   0.1143        -  4.19e-04    1.12   114.8m
  5150   0.1192        -  4.13e-04    1.13   115.4m
  5175   0.1100        -  4.06e-04    1.12   115.9m
  5200   0.1118        -  4.00e-04    1.12   116.5m
  5225   0.1148        -  3.94e-04    1.12   117.0m
  5250   0.1155        -  3.88e-04    1.12   117.5m
  5275   0.1084        -  3.83e-04    1.11   118.1m
  5300   0.1142        -  3.77e-04    1.12   118.6m
  5325   0.1133        -  3.72e-04    1.12   119.2m
  5350   0.1155        -  3.67e-04    1.12   119.7m
  5375   0.1015        -  3.62e-04    1.11   120.3m
  5400   0.1180        -  3.57e-04    1.13   120.8m
  5425   0.1125        -  3.52e-04    1.12   121.4m
  5450   0.1099        -  3.48e-04    1.12   121.9m
  5475   0.1089        -  3.44e-04    1.12   122.5m
  5500   0.1137        -  3.40e-04    1.12   123.0m
  5500   0.1286   0.1144  3.40e-04    1.12   123.1m  <-- eval
  5525   0.1189        -  3.36e-04    1.13   123.6m
  5550   0.1099        -  3.32e-04    1.12   124.2m
  5575   0.1112        -  3.29e-04    1.12   124.8m
  5600   0.1109        -  3.25e-04    1.12   125.3m
  5625   0.1192        -  3.22e-04    1.13   125.9m
  5650   0.1118        -  3.19e-04    1.12   126.5m
  5675   0.1103        -  3.17e-04    1.12   127.0m
  5700   0.1078        -  3.14e-04    1.11   127.6m
  5725   0.1116        -  3.12e-04    1.12   128.1m
  5750   0.1160        -  3.10e-04    1.12   128.7m
  5775   0.1070        -  3.08e-04    1.11   129.2m
  5800   0.1121        -  3.06e-04    1.12   129.8m
  5825   0.1083        -  3.05e-04    1.11   130.3m
  5850   0.1071        -  3.04e-04    1.11   130.9m
  5875   0.1129        -  3.03e-04    1.12   131.5m
  5900   0.1046        -  3.02e-04    1.11   132.0m
  5925   0.1101        -  3.01e-04    1.12   132.6m
  5950   0.1050        -  3.00e-04    1.11   133.1m
  5975   0.1192        -  3.00e-04    1.13   133.7m
  6000   0.1087        -  3.00e-04    1.11   134.3m
  6000   0.1389   0.1128  3.00e-04    1.12   134.3m  <-- eval
        新的最佳验证 loss 0.1128, 已保存

训练完成, 用时 134.3 分钟
最佳验证 loss: 0.1128 (ppl 1.12)
检查点: /root/.codebuddy/artifact/2f8a7d30-9c21-4f0b-1d38-b1569985f000/tinygpt/ckpt/best.pt
